// Vitest Snapshot v1, https://vitest.dev/guide/snapshot.html

exports[`it should render the component 1`] = `
<section
  class="flex flex-col gap-8 rounded-lg border-4 border-primary-50 p-8 text-center"
>
  <header>
    <h1>
      Days Since Our Last Gitastropheâ„¢
    </h1>
  </header>
  <div
    class="text-center text-8xl"
    data-testid="current-count"
  >
    0
  </div>
  <div
    class="flex justify-center gap-4"
  >
    <button
      class="btn-danger"
      name="reset"
    >
      Reset
    </button>
    <button
      class="btn-primary"
      name="increment"
    >
      Increment
    </button>
  </div>
</section>
`;
